// Jest Snapshot v1, https://goo.gl/fbAQLP

exports[`App should log out of the site 1`] = `
Object {
  "adminUser": false,
  "authenticated": false,
  "avatar": "https://publicus-file-uploads.s3.amazonaws.com/avatar/9b82dbf0-f47b-11e9-a70a-e16b9b703746",
  "collapsed": false,
  "loading": false,
  "userId": "ap-southeast-2:91ecfa27-a7c0-45a8-9f45-c93885409ca7",
}
`;

exports[`App should render authorised admin route 1`] = `
<Provider
  apiKey="pk_test_qBUWBnakwQI3TCy8jqDOGdyS00gXGU5q9k"
>
  <Elements>
    <Adapter
      style={
        Object {
          "display": "flex",
          "flexGrow": 1,
          "minHeight": "100vh",
          "overflow": "hidden",
          "position": "relative",
          "zIndex": 1,
        }
      }
    >
      <Sider
        collapsed={false}
        collapsible={true}
        onCollapse={[Function]}
        style={
          Object {
            "height": "100vh",
            "left": 0,
            "position": "fixed",
          }
        }
      >
        <div
          style={
            Object {
              "display": "flex",
              "flexDirection": "row",
              "height": "50px",
              "justifyContent": "center",
              "lineHeight": "50px",
              "margin": "5px",
              "textAlign": "center",
              "whiteSpace": "nowrap",
            }
          }
        >
          <div>
            <Icon
              style={
                Object {
                  "color": "white",
                  "fontSize": 22,
                  "marginRight": 4,
                  "marginTop": 15,
                }
              }
              type="yuque"
            />
          </div>
          <div
            style={
              Object {
                "color": "white",
                "fontSize": "15px",
                "fontWeight": "bold",
                "marginLeft": 10,
                "marginRight": "14px",
              }
            }
          >
            Publicus
          </div>
        </div>
        <Menu
          defaultSelectedKeys={
            Array [
              "/",
            ]
          }
          mode="inline"
          selectedKeys={
            Array [
              undefined,
            ]
          }
          theme="dark"
        >
          <MenuItem
            key="/"
          >
            <Link
              to="/"
            >
              <Icon
                type="home"
              />
              <span>
                Home
              </span>
            </Link>
          </MenuItem>
          <MenuItem
            key="/createForm"
          >
            <Link
              to="/createForm"
            >
              <Icon
                type="form"
              />
              <span>
                Create Form
              </span>
            </Link>
          </MenuItem>
          <MenuItem
            key="/marketplace"
          >
            <Link
              to="/marketplace"
            >
              <Icon
                type="pay-circle"
              />
              <span>
                Marketplace
              </span>
            </Link>
          </MenuItem>
          <MenuItem
            key="/myForms"
          >
            <Link
              to="/myForms"
            >
              <Icon
                type="align-left"
              />
              <span>
                View My Forms
              </span>
            </Link>
          </MenuItem>
          <MenuItem
            key="/myAccount"
          >
            <Link
              to="/myAccount"
            >
              <Icon
                type="profile"
              />
              <span>
                My Account
              </span>
            </Link>
          </MenuItem>
          <MenuItem
            key="/administration"
          >
            <Link
              to="/administration"
            >
              <Icon
                type="build"
              />
              <span>
                Administration
              </span>
            </Link>
          </MenuItem>
        </Menu>
      </Sider>
      <Adapter
        style={
          Object {
            "flexGrow": 1,
            "height": "100vh",
            "marginLeft": "200px",
            "minHeight": 360,
            "overflow": "auto",
          }
        }
      >
        <div
          style={
            Object {
              "backgroundColor": "#6fa6ed",
              "display": "flex",
              "flexDirection": "row",
              "height": "60px",
              "justifyContent": "space-between",
            }
          }
        >
          <div
            style={
              Object {
                "height": "100%",
                "marginLeft": "15px",
              }
            }
          >
            <h1
              style={
                Object {
                  "fontSize": 30,
                  "lineHeight": "60px",
                }
              }
            />
          </div>
          <div
            style={
              Object {
                "alignItems": "center",
                "display": "flex",
                "height": "100%",
                "justifyContent": "flex-end",
                "marginRight": 10,
              }
            }
          >
            <Button
              block={false}
              ghost={false}
              htmlType="button"
              loading={false}
              onClick={[Function]}
              style={
                Object {
                  "marginRight": 10,
                }
              }
              type="primary"
            >
              Sign Out
            </Button>
          </div>
        </div>
        <div
          style={
            Object {
              "height": "calc(100% - 84px)",
              "padding": "10px",
            }
          }
        >
          <ContextProvider
            value={
              Object {
                "adminUser": true,
                "authenticated": true,
                "avatar": "https://publicus-file-uploads.s3.amazonaws.com/avatar/9b82dbf0-f47b-11e9-a70a-e16b9b703746",
                "setUserHasAuthenticated": [Function],
                "userId": "ap-southeast-2:91ecfa27-a7c0-45a8-9f45-c93885409ca7",
              }
            }
          >
            <_default />
          </ContextProvider>
        </div>
      </Adapter>
    </Adapter>
  </Elements>
</Provider>
`;
